usage: test.py <command> [options]

commands:

 simple  Just simple command to do nothing.
{'test': False, 'ui': <__main__.UI object at 0x100511750>}
test.py complex [-p] [--exit value] ...

That's more complex command indented to do something

    Let's try to do that (what?!)

options:

 -p --pass     don't run the command
    --exit     exit with supplied code (default: 0)
 -n --name     optional name
 -v --verbose  enable additional output
 -q --quiet    suppress output
 -h --help     display help

